================================================================================
INSURANCE DATA ENGINEERING PLATFORM
SYNTHETIC SOURCE DATA GENERATION
================================================================================

================================================================================
GENERATING CUSTOMERS
================================================================================
Customers generated: 10,000

================================================================================
GENERATING INSURANCE QUOTES
================================================================================
Quotes generated: 50,000
Quote conversion rate: 21.23%

================================================================================
GENERATING POLICIES
================================================================================
Policies generated: 10,613

================================================================================
GENERATING CLAIMS
================================================================================
Claims generated: 4,000

================================================================================
GENERATING USER EVENTS
================================================================================
Events generated: 100,000

================================================================================
INJECTING CONTROLLED DATA QUALITY ISSUES
================================================================================
Injected issues:
- 50 missing customer cities
- 100 missing quote premiums
- 25 duplicate quote records

================================================================================
SAVING RAW SOURCE DATA
================================================================================
customers.csv        ->   10,000 rows
quotes.csv           ->   50,025 rows
policies.csv         ->   10,613 rows
claims.csv           ->    4,000 rows
events.csv           ->  100,000 rows

================================================================================
FINAL DATASET SUMMARY
================================================================================
Customers : 10,000
Quotes    : 50,025
Policies  : 10,613
Claims    : 4,000
Events    : 100,000

Raw data directory:
C:\Users\Busra\PycharmProjects\Insurance_Data_Engineering_Platform\data\raw

================================================================================
SOURCE DATA GENERATION COMPLETED
================================================================================
