================================================================================
INSURANCE DATA ENGINEERING PLATFORM - DATA TRANSFORMATION
================================================================================

================================================================================
LOAD CLEAN DATA
================================================================================
customers   :     10,000 rows |  5 columns
quotes      :     50,000 rows |  7 columns
policies    :     10,613 rows |  8 columns
claims      :      4,000 rows |  6 columns
events      :    100,000 rows |  5 columns

================================================================================
DATETIME STANDARDIZATION
================================================================================
Datetime columns standardized.

================================================================================
CREATE CUSTOMER DIMENSION
================================================================================
Customer dimension rows: 10,000
Customer dimension columns: 9

================================================================================
CREATE QUOTE FACT TABLE
================================================================================
Quote fact rows: 50,000
Converted quotes: 10,613
Conversion rate: 21.23%

================================================================================
CREATE POLICY FACT TABLE
================================================================================
Policy fact rows: 10,613
Total written premium: 35,381,085.49
Active policies: 7,401

================================================================================
CREATE CLAIM FACT TABLE
================================================================================
Claim fact rows: 4,000
Total claim amount: 21,941,974.13
Approved claims: 2,928

================================================================================
CREATE EVENT FACT TABLE
================================================================================
Event fact rows: 100,000

Event distribution:
event_type
page_view          44866
quote_started      18239
login              14954
quote_completed    12034
policy_viewed       9907

================================================================================
CREATE CUSTOMER 360 TABLE
================================================================================
Customer 360 rows: 10,000
Customer 360 columns: 28
Customers with policies: 6,569
Customers with claims: 3,274

================================================================================
CREATE DAILY BUSINESS SUMMARY
================================================================================
Daily summary rows: 895
Date range: 2025-01-01 to 2027-07-27

================================================================================
SAVE TRANSFORMED TABLES
================================================================================
dim_customer              ->     10,000 rows |  9 columns
fact_quotes               ->     50,000 rows | 14 columns
fact_policies             ->     10,613 rows | 14 columns
fact_claims               ->      4,000 rows | 12 columns
fact_events               ->    100,000 rows | 12 columns
customer_360              ->     10,000 rows | 28 columns
daily_business_summary    ->        895 rows | 10 columns

================================================================================
TRANSFORMATION VALIDATION
================================================================================
[PASS] dim_customer customer_id uniqueness           Failed: 0
[PASS] fact_quotes quote_id uniqueness               Failed: 0
[PASS] fact_policies policy_id uniqueness            Failed: 0
[PASS] fact_claims claim_id uniqueness               Failed: 0
[PASS] fact_events event_id uniqueness               Failed: 0
[PASS] customer_360 customer_id uniqueness           Failed: 0

================================================================================
FINAL TRANSFORMATION CHECK
================================================================================
Transformed tables created: 7
Validation checks passed: 6/6
Customer 360 records: 10,000
Fact quote records: 50,000
Fact policy records: 10,613
Fact claim records: 4,000
Fact event records: 100,000

================================================================================
DATA TRANSFORMATION COMPLETED
================================================================================
