================================================================================
INSURANCE DATA ENGINEERING PLATFORM - DATABASE LOADING
================================================================================

================================================================================
LOAD TRANSFORMED DATA
================================================================================
dim_customer                  10,000 rows |  9 columns
fact_quotes                   50,000 rows | 14 columns
fact_policies                 10,613 rows | 14 columns
fact_claims                    4,000 rows | 12 columns
fact_events                  100,000 rows | 12 columns
customer_360                  10,000 rows | 28 columns
daily_business_summary           895 rows | 10 columns

================================================================================
CREATE SQLITE DATABASE
================================================================================
Database path:
C:\Users\Busra\PycharmProjects\Insurance_Data_Engineering_Platform\database\insurance_analytics.db

================================================================================
LOAD TABLES TO DATABASE
================================================================================
[LOADED] dim_customer                  10,000 rows
[LOADED] fact_quotes                   50,000 rows
[LOADED] fact_policies                 10,613 rows
[LOADED] fact_claims                    4,000 rows
[LOADED] fact_events                  100,000 rows
[LOADED] customer_360                  10,000 rows
[LOADED] daily_business_summary           895 rows

================================================================================
CREATE DATABASE INDEXES
================================================================================
[CREATED] idx_customer_id
[CREATED] idx_quotes_customer
[CREATED] idx_quotes_date
[CREATED] idx_quotes_product
[CREATED] idx_policies_customer
[CREATED] idx_policies_quote
[CREATED] idx_policies_product
[CREATED] idx_claims_customer
[CREATED] idx_claims_policy
[CREATED] idx_events_customer
[CREATED] idx_events_timestamp
[CREATED] idx_customer360_id

================================================================================
CREATE ANALYTICAL SQL VIEWS
================================================================================
[CREATED] vw_quote_conversion_by_channel
[CREATED] vw_product_performance
[CREATED] vw_policy_portfolio
[CREATED] vw_claim_performance
[CREATED] vw_customer_value

================================================================================
DATABASE VALIDATION
================================================================================
[PASS] dim_customer              Source:     10,000 | Database:     10,000
[PASS] fact_quotes               Source:     50,000 | Database:     50,000
[PASS] fact_policies             Source:     10,613 | Database:     10,613
[PASS] fact_claims               Source:      4,000 | Database:      4,000
[PASS] fact_events               Source:    100,000 | Database:    100,000
[PASS] customer_360              Source:     10,000 | Database:     10,000
[PASS] daily_business_summary    Source:        895 | Database:        895

================================================================================
BUSINESS QUERY TESTS
================================================================================

1. QUOTE CONVERSION BY CHANNEL
    channel  total_quotes  converted_quotes  conversion_rate_pct  average_premium
        Web         29883              6863                22.97          3466.29
     Mobile         12508              2337                18.68          3461.94
Call Center          7609              1413                18.57          3498.70

2. PRODUCT PERFORMANCE
product_type  total_quotes  converted_quotes  conversion_rate_pct  average_quoted_premium  total_quoted_premium
       Motor         27494              6231                22.66                 3461.19           95162075.11
      Health         10117              1988                19.65                 3469.89           35104865.70
      Travel          4993               970                19.43                 3529.70           17623792.07
        Home          7396              1424                19.25                 3463.48           25615861.70

3. POLICY PORTFOLIO
product_type  total_policies  active_policies  written_premium  average_policy_premium
       Motor            6231             4379      20714432.91                 3324.42
      Health            1988             1362       6601540.12                 3320.69
        Home            1424              994       4773910.45                 3352.47
      Travel             970              666       3291202.01                 3392.99

4. CLAIM PERFORMANCE
claim_status  total_claims  total_claim_amount  average_claim_amount
    Approved          2928         15904554.76               5431.88
    Rejected           692          3889158.39               5620.17
     Pending           380          2148260.98               5653.32

================================================================================
DATABASE OBJECT SUMMARY
================================================================================
Tables:  10
Views:   5
Indexes: 13

Tables:
- customer_360
- daily_business_summary
- dim_customer
- fact_claims
- fact_events
- fact_policies
- fact_quotes
- pipeline_runs
- pipeline_step_runs
- sqlite_sequence

Views:
- vw_claim_performance
- vw_customer_value
- vw_policy_portfolio
- vw_product_performance
- vw_quote_conversion_by_channel

Database validation saved to:
C:\Users\Busra\PycharmProjects\Insurance_Data_Engineering_Platform\data\transformed\database_validation.csv

================================================================================
FINAL DATABASE CHECK
================================================================================
Tables validated: 7/7
Database file: insurance_analytics.db
Database loading: COMPLETED

================================================================================
DATABASE LOADING COMPLETED
================================================================================
